// Jest Snapshot v1, https://goo.gl/fbAQLP

exports[`makeTypography should match snapshot 1`] = `
Object {
  "code": Object {
    "align": "left",
    "decoration": Object {
      "line": "none",
      "style": "",
    },
    "family": "Monaco, monospace",
    "indent": "",
    "kerning": "normal",
    "letting": "1.6em",
    "size": "medium",
    "spacing": "",
    "style": "normal",
    "tracking": "",
    "transform": "none",
    "weight": 400,
  },
  "compact": Object {
    "align": "left",
    "decoration": Object {
      "line": "none",
      "style": "",
    },
    "family": "Helvetica, sans-serif",
    "indent": "",
    "kerning": "normal",
    "letting": "1em",
    "size": "medium",
    "spacing": "",
    "style": "normal",
    "tracking": "",
    "transform": "none",
    "weight": 400,
  },
  "control": Object {
    "align": "left",
    "decoration": Object {
      "line": "none",
      "style": "",
    },
    "family": "Helvetica, sans-serif",
    "indent": "",
    "kerning": "normal",
    "letting": "1em",
    "size": "medium",
    "spacing": "",
    "style": "normal",
    "tracking": "",
    "transform": "none",
    "weight": 400,
  },
  "emphasized": Object {
    "align": "left",
    "decoration": Object {
      "line": "none",
      "style": "",
    },
    "family": "Helvetica, sans-serif",
    "indent": "",
    "kerning": "normal",
    "letting": "1.6em",
    "size": "medium",
    "spacing": "",
    "style": "italic",
    "tracking": "",
    "transform": "none",
    "weight": 400,
  },
  "h1": Object {
    "align": "left",
    "decoration": Object {
      "line": "none",
      "style": "",
    },
    "family": "Helvetica, sans-serif",
    "indent": "",
    "kerning": "normal",
    "letting": "1.6em",
    "size": "3.21em",
    "spacing": "0 0 1em 0",
    "style": "normal",
    "tracking": "",
    "transform": "none",
    "weight": 700,
  },
  "h2": Object {
    "align": "left",
    "decoration": Object {
      "line": "none",
      "style": "",
    },
    "family": "Helvetica, sans-serif",
    "indent": "",
    "kerning": "normal",
    "letting": "1.6em",
    "size": "2.36em",
    "spacing": "0 0 1em 0",
    "style": "normal",
    "tracking": "",
    "transform": "none",
    "weight": 700,
  },
  "h3": Object {
    "align": "left",
    "decoration": Object {
      "line": "none",
      "style": "",
    },
    "family": "Helvetica, sans-serif",
    "indent": "",
    "kerning": "normal",
    "letting": "1.6em",
    "size": "1.64em",
    "spacing": "0 0 1em 0",
    "style": "normal",
    "tracking": "",
    "transform": "none",
    "weight": 700,
  },
  "h4": Object {
    "align": "left",
    "decoration": Object {
      "line": "none",
      "style": "",
    },
    "family": "Helvetica, sans-serif",
    "indent": "",
    "kerning": "normal",
    "letting": "1.6em",
    "size": "1.29em",
    "spacing": "0 0 1em 0",
    "style": "normal",
    "tracking": "",
    "transform": "none",
    "weight": 700,
  },
  "h5": Object {
    "align": "left",
    "decoration": Object {
      "line": "none",
      "style": "",
    },
    "family": "Helvetica, sans-serif",
    "indent": "",
    "kerning": "normal",
    "letting": "1.6em",
    "size": "1.15em",
    "spacing": "0 0 1em 0",
    "style": "normal",
    "tracking": "",
    "transform": "none",
    "weight": 700,
  },
  "h6": Object {
    "align": "left",
    "decoration": Object {
      "line": "none",
      "style": "",
    },
    "family": "Helvetica, sans-serif",
    "indent": "",
    "kerning": "normal",
    "letting": "1.6em",
    "size": "1em",
    "spacing": "0 0 1em 0",
    "style": "normal",
    "tracking": "",
    "transform": "none",
    "weight": 700,
  },
  "heading": Object {
    "align": "left",
    "decoration": Object {
      "line": "none",
      "style": "",
    },
    "family": "Helvetica, sans-serif",
    "indent": "",
    "kerning": "normal",
    "letting": "1.6em",
    "size": "medium",
    "spacing": "0 0 1em 0",
    "style": "normal",
    "tracking": "",
    "transform": "none",
    "weight": 700,
  },
  "label": Object {
    "align": "left",
    "decoration": Object {
      "line": "none",
      "style": "",
    },
    "family": "Helvetica, sans-serif",
    "indent": "",
    "kerning": "normal",
    "letting": "1em",
    "size": "medium",
    "spacing": "",
    "style": "normal",
    "tracking": "",
    "transform": "none",
    "weight": 700,
  },
  "legal": Object {
    "align": "left",
    "decoration": Object {
      "line": "none",
      "style": "",
    },
    "family": "Times New Roman, serif",
    "indent": "",
    "kerning": "normal",
    "letting": "1.6em",
    "size": "0.75em",
    "spacing": "",
    "style": "italic",
    "tracking": "",
    "transform": "none",
    "weight": 400,
  },
  "link": Object {
    "align": "left",
    "decoration": Object {
      "line": "underline",
      "style": "solid",
    },
    "family": "Helvetica, sans-serif",
    "indent": "",
    "kerning": "normal",
    "letting": "1.6em",
    "size": "medium",
    "spacing": "",
    "style": "normal",
    "tracking": "",
    "transform": "none",
    "weight": 400,
  },
  "paragraph": Object {
    "align": "justify",
    "decoration": Object {
      "line": "none",
      "style": "",
    },
    "family": "Helvetica, sans-serif",
    "indent": "",
    "kerning": "normal",
    "letting": "1.6em",
    "size": "medium",
    "spacing": "0 0 1em 0",
    "style": "normal",
    "tracking": "",
    "transform": "none",
    "weight": 400,
  },
  "quote": Object {
    "align": "left",
    "decoration": Object {
      "line": "none",
      "style": "",
    },
    "family": "Helvetica, sans-serif",
    "indent": "",
    "kerning": "normal",
    "letting": "1.6em",
    "size": "medium",
    "spacing": "",
    "style": "italic",
    "tracking": "",
    "transform": "none",
    "weight": 400,
  },
  "strong": Object {
    "align": "left",
    "decoration": Object {
      "line": "none",
      "style": "",
    },
    "family": "Helvetica, sans-serif",
    "indent": "",
    "kerning": "normal",
    "letting": "1.6em",
    "size": "medium",
    "spacing": "",
    "style": "normal",
    "tracking": "",
    "transform": "none",
    "weight": 700,
  },
  "text": Object {
    "align": "left",
    "decoration": Object {
      "line": "none",
      "style": "",
    },
    "family": "Helvetica, sans-serif",
    "indent": "",
    "kerning": "normal",
    "letting": "1.6em",
    "size": "medium",
    "spacing": "",
    "style": "normal",
    "tracking": "",
    "transform": "none",
    "weight": 400,
  },
}
`;
