// Jest Snapshot v1, https://goo.gl/fbAQLP

exports[`makeControls should use default values for incomplete inputs 1`] = `
Object {
  "border": Object {
    "bottom": Object {
      "style": "solid",
      "width": "tiny",
    },
    "left": Object {
      "style": "solid",
      "width": "tiny",
    },
    "right": Object {
      "style": "solid",
      "width": "tiny",
    },
    "top": Object {
      "style": "solid",
      "width": "tiny",
    },
  },
  "color": "tertiary",
  "cursor": "default",
  "font": "control",
  "outlined": false,
  "padding": Object {
    "bottom": "xSmall",
    "left": "xSmall",
    "right": "xSmall",
    "top": "xSmall",
  },
  "radius": Object {
    "bottomLeft": "tiny",
    "bottomRight": "tiny",
    "topLeft": "tiny",
    "topRight": "tiny",
  },
  "shadow": "none",
  "typographic": false,
}
`;
