// Jest Snapshot v1, https://goo.gl/fbAQLP

exports[`makeLinks should use default values for incomplete inputs 1`] = `
Object {
  "border": Object {
    "bottom": Object {
      "style": "none",
      "width": "none",
    },
    "left": Object {
      "style": "none",
      "width": "none",
    },
    "right": Object {
      "style": "none",
      "width": "none",
    },
    "top": Object {
      "style": "none",
      "width": "none",
    },
  },
  "color": "tertiary",
  "cursor": "pointer",
  "font": "link",
  "outlined": false,
  "padding": Object {
    "bottom": "none",
    "left": "none",
    "right": "none",
    "top": "none",
  },
  "radius": Object {
    "bottomLeft": "none",
    "bottomRight": "none",
    "topLeft": "none",
    "topRight": "none",
  },
  "shadow": "none",
  "typographic": true,
}
`;
