// Jest Snapshot v1, https://goo.gl/fbAQLP

exports[`makeNav should use default values for incomplete inputs 1`] = `
Object {
  "border": Object {
    "bottom": Object {
      "style": "none",
      "width": "none",
    },
    "left": Object {
      "style": "none",
      "width": "none",
    },
    "right": Object {
      "style": "none",
      "width": "none",
    },
    "top": Object {
      "style": "none",
      "width": "none",
    },
  },
  "color": "tertiary",
  "currentItem": Object {
    "border": Object {
      "bottom": Object {
        "style": "solid",
        "width": "tiny",
      },
      "left": Object {
        "style": "none",
        "width": "none",
      },
      "right": Object {
        "style": "none",
        "width": "none",
      },
      "top": Object {
        "style": "none",
        "width": "none",
      },
    },
    "color": "secondary",
    "cursor": "default",
    "font": "compact",
    "outlined": false,
    "padding": Object {
      "bottom": "small",
      "left": "medium",
      "right": "medium",
      "top": "small",
    },
    "radius": Object {
      "bottomLeft": "none",
      "bottomRight": "none",
      "topLeft": "none",
      "topRight": "none",
    },
    "shadow": "none",
    "typographic": false,
  },
  "cursor": "pointer",
  "font": "compact",
  "outlined": false,
  "padding": Object {
    "bottom": "small",
    "left": "medium",
    "right": "medium",
    "top": "small",
  },
  "radius": Object {
    "bottomLeft": "none",
    "bottomRight": "none",
    "topLeft": "none",
    "topRight": "none",
  },
  "shadow": "none",
  "typographic": false,
}
`;
